******************************************************************************
            TI ARM Clang Linker PC v3.2.2                      
******************************************************************************
>> Linked Thu May 22 16:54:28 2025

OUTPUT FILE NAME:   <Botton.out>
ENTRY POINT SYMBOL: "_c_int00_noargs"  address: 00000621


MEMORY CONFIGURATION

         name            origin    length      used     unused   attr    fill
----------------------  --------  ---------  --------  --------  ----  --------
  FLASH                 00000000   00020000  00000700  0001f900  R  X
  SRAM                  20200000   00008000  00000224  00007ddc  RW X
  BCR_CONFIG            41c00000   000000ff  00000000  000000ff  R   
  BSL_CONFIG            41c00100   00000080  00000000  00000080  R   


SEGMENT ALLOCATION MAP

run origin  load origin   length   init length attrs members
----------  ----------- ---------- ----------- ----- -------
00000000    00000000    00000700   00000700    r-x
  00000000    00000000    000000c0   000000c0    r-- .intvecs
  000000c0    000000c0    000005e8   000005e8    r-x .text
  000006a8    000006a8    00000040   00000040    r-- .rodata
  000006e8    000006e8    00000018   00000018    r-- .cinit
20200000    20200000    00000024   00000000    rw-
  20200000    20200000    00000024   00000000    rw- .data
20207e00    20207e00    00000200   00000000    rw-
  20207e00    20207e00    00000200   00000000    rw- .stack


SECTION ALLOCATION MAP

 output                                  attributes/
section   page    origin      length       input sections
--------  ----  ----------  ----------   ----------------
.intvecs   0    00000000    000000c0     
                  00000000    000000c0     startup_mspm0g350x_ticlang.o (.intvecs)

.text      0    000000c0    000005e8     
                  000000c0    000000e8     driverlib.a : dl_timer.o (.text.DL_Timer_initTimerMode)
                  000001a8    000000dc                 : dl_sysctl_mspm0g1x0x_g3x0x.o (.text.DL_SYSCTL_configSYSPLL)
                  00000284    0000009a     libc.a : memcpy16.S.obj (.text:memcpy)
                  0000031e    00000002     startup_mspm0g350x_ticlang.o (.text.Default_Handler)
                  00000320    00000090     key.o (.text.Botton_Process)
                  000003b0    00000078     libc.a : copy_decompress_lzss.c.obj (.text:decompress:lzss)
                  00000428    00000060     empty.o (.text.TIMG0_IRQHandler)
                  00000488    0000005c     ti_msp_dl_config.o (.text.SYSCFG_DL_SYSCTL_init)
                  000004e4    00000044     driverlib.a : dl_sysctl_mspm0g1x0x_g3x0x.o (.text.DL_SYSCTL_switchMCLKfromSYSOSCtoHSCLK)
                  00000528    0000003c     libc.a : autoinit.c.obj (.text:__TI_auto_init_nobinit_nopinit)
                  00000564    00000038     ti_msp_dl_config.o (.text.SYSCFG_DL_TIMER_0_init)
                  0000059c    00000034     ti_msp_dl_config.o (.text.SYSCFG_DL_initPower)
                  000005d0    00000028     ti_msp_dl_config.o (.text.SYSCFG_DL_GPIO_init)
                  000005f8    00000028     empty.o (.text.main)
                  00000620    00000028     libc.a : boot_cortex_m.c.obj (.text:_c_int00_noargs)
                  00000648    0000001c     driverlib.a : dl_timer.o (.text.DL_Timer_setClockConfig)
                  00000664    00000014     ti_msp_dl_config.o (.text.SYSCFG_DL_init)
                  00000678    00000012     libc.a : copy_decompress_none.c.obj (.text:decompress:none)
                  0000068a    0000000a     driverlib.a : dl_common.o (.text.DL_Common_delayCycles)
                  00000694    00000008     libclang_rt.builtins.a : aeabi_memcpy.S.obj (.text.__aeabi_memcpy)
                  0000069c    00000004     startup_mspm0g350x_ticlang.o (.text.Reset_Handler)
                  000006a0    00000004     libc.a : pre_init.c.obj (.text._system_pre_init)
                  000006a4    00000004            : exit.c.obj (.text:abort)

.cinit     0    000006e8    00000018     
                  000006e8    00000008     (.cinit..data.load) [load image, compression = lzss]
                  000006f0    00000008     (__TI_handler_table)
                  000006f8    00000008     (__TI_cinit_table)

.rodata    0    000006a8    00000040     
                  000006a8    00000028     ti_msp_dl_config.o (.rodata.gSYSPLLConfig)
                  000006d0    00000014     ti_msp_dl_config.o (.rodata.gTIMER_0TimerConfig)
                  000006e4    00000003     ti_msp_dl_config.o (.rodata.gTIMER_0ClockConfig)
                  000006e7    00000001     --HOLE-- [fill = 0]

.init_array 
*          0    00000000    00000000     UNINITIALIZED

.binit     0    00000000    00000000     

.data      0    20200000    00000024     UNINITIALIZED
                  20200000    00000010     key.o (.data.botton_PushTime)
                  20200010    00000008     key.o (.data.botton_State)
                  20200018    00000004     key.o (.data.Last_Process_Tick)
                  2020001c    00000004     key.o (.data.botton_PushTimeFlag)
                  20200020    00000004     empty.o (.data.uwTick)

.stack     0    20207e00    00000200     UNINITIALIZED
                  20207e00    00000004     libc.a : boot_cortex_m.c.obj (.stack)
                  20207e04    000001fc     --HOLE--

__llvm_prf_cnts 
*          0    20200000    00000000     UNINITIALIZED

__llvm_prf_bits 
*          0    20200000    00000000     UNINITIALIZED

MODULE SUMMARY

       Module                         code   ro data   rw data
       ------                         ----   -------   -------
    .\
       ti_msp_dl_config.o             260    63        0      
       startup_mspm0g350x_ticlang.o   6      192       0      
       empty.o                        136    0         4      
    +--+------------------------------+------+---------+---------+
       Total:                         402    255       4      
                                                              
    .\key\
       key.o                          144    0         32     
    +--+------------------------------+------+---------+---------+
       Total:                         144    0         32     
                                                              
    C:/ti/mspm0_sdk_2_04_00_06/source/ti/driverlib/lib/ticlang/m0p/mspm0g1x0x_g3x0x/driverlib.a
       dl_sysctl_mspm0g1x0x_g3x0x.o   288    0         0      
       dl_timer.o                     260    0         0      
       dl_common.o                    10     0         0      
    +--+------------------------------+------+---------+---------+
       Total:                         558    0         0      
                                                              
    E:\ti\ccstheia141\ccs\tools\compiler\ti-cgt-armllvm_3.2.2.LTS\lib\armv6m-ti-none-eabi/c/libc.a
       memcpy16.S.obj                 154    0         0      
       copy_decompress_lzss.c.obj     120    0         0      
       autoinit.c.obj                 60     0         0      
       boot_cortex_m.c.obj            40     0         0      
       copy_decompress_none.c.obj     18     0         0      
       exit.c.obj                     4      0         0      
       pre_init.c.obj                 4      0         0      
    +--+------------------------------+------+---------+---------+
       Total:                         400    0         0      
                                                              
    E:\ti\ccstheia141\ccs\tools\compiler\ti-cgt-armllvm_3.2.2.LTS\lib\clang/15.0.7/lib/armv6m-ti-none-eabi/libclang_rt.builtins.a
       aeabi_memcpy.S.obj             8      0         0      
    +--+------------------------------+------+---------+---------+
       Total:                         8      0         0      
                                                              
       Stack:                         0      0         512    
       Linker Generated:              0      24        0      
    +--+------------------------------+------+---------+---------+
       Grand Total:                   1512   279       548    


LINKER GENERATED COPY TABLES

__TI_cinit_table @ 000006f8 records: 1, size/record: 8, table size: 8
	.data: load addr=000006e8, load size=00000008 bytes, run addr=20200000, run size=00000024 bytes, compression=lzss


LINKER GENERATED HANDLER TABLE

__TI_handler_table @ 000006f0 records: 2, size/record: 4, table size: 8
	index: 0, handler: __TI_decompress_lzss
	index: 1, handler: __TI_decompress_none


GLOBAL SYMBOLS: SORTED ALPHABETICALLY BY Name 

address   name                                 
-------   ----                                 
0000031f  ADC0_IRQHandler                      
0000031f  ADC1_IRQHandler                      
0000031f  AES_IRQHandler                       
00000321  Botton_Process                       
000006a4  C$$EXIT                              
0000031f  CANFD0_IRQHandler                    
0000031f  DAC0_IRQHandler                      
0000068b  DL_Common_delayCycles                
000001a9  DL_SYSCTL_configSYSPLL               
000004e5  DL_SYSCTL_switchMCLKfromSYSOSCtoHSCLK
000000c1  DL_Timer_initTimerMode               
00000649  DL_Timer_setClockConfig              
0000031f  DMA_IRQHandler                       
0000031f  Default_Handler                      
0000031f  GROUP0_IRQHandler                    
0000031f  GROUP1_IRQHandler                    
0000031f  HardFault_Handler                    
0000031f  I2C0_IRQHandler                      
0000031f  I2C1_IRQHandler                      
0000031f  NMI_Handler                          
0000031f  PendSV_Handler                       
0000031f  RTC_IRQHandler                       
0000069d  Reset_Handler                        
0000031f  SPI0_IRQHandler                      
0000031f  SPI1_IRQHandler                      
0000031f  SVC_Handler                          
000005d1  SYSCFG_DL_GPIO_init                  
00000489  SYSCFG_DL_SYSCTL_init                
00000565  SYSCFG_DL_TIMER_0_init               
00000665  SYSCFG_DL_init                       
0000059d  SYSCFG_DL_initPower                  
0000031f  SysTick_Handler                      
0000031f  TIMA0_IRQHandler                     
0000031f  TIMA1_IRQHandler                     
00000429  TIMG0_IRQHandler                     
0000031f  TIMG12_IRQHandler                    
0000031f  TIMG6_IRQHandler                     
0000031f  TIMG7_IRQHandler                     
0000031f  TIMG8_IRQHandler                     
0000031f  UART0_IRQHandler                     
0000031f  UART1_IRQHandler                     
0000031f  UART2_IRQHandler                     
0000031f  UART3_IRQHandler                     
20208000  __STACK_END                          
00000200  __STACK_SIZE                         
00000000  __TI_ATRegion0_region_sz             
00000000  __TI_ATRegion0_src_addr              
00000000  __TI_ATRegion0_trg_addr              
00000000  __TI_ATRegion1_region_sz             
00000000  __TI_ATRegion1_src_addr              
00000000  __TI_ATRegion1_trg_addr              
00000000  __TI_ATRegion2_region_sz             
00000000  __TI_ATRegion2_src_addr              
00000000  __TI_ATRegion2_trg_addr              
000006f8  __TI_CINIT_Base                      
00000700  __TI_CINIT_Limit                     
00000700  __TI_CINIT_Warm                      
000006f0  __TI_Handler_Table_Base              
000006f8  __TI_Handler_Table_Limit             
00000529  __TI_auto_init_nobinit_nopinit       
000003b1  __TI_decompress_lzss                 
00000679  __TI_decompress_none                 
ffffffff  __TI_pprof_out_hndl                  
ffffffff  __TI_prof_data_size                  
ffffffff  __TI_prof_data_start                 
00000000  __TI_static_base__                   
00000695  __aeabi_memcpy                       
00000695  __aeabi_memcpy4                      
00000695  __aeabi_memcpy8                      
ffffffff  __binit__                            
UNDEFED   __mpu_init                           
20207e00  __stack                              
20200000  __start___llvm_prf_bits              
20200000  __start___llvm_prf_cnts              
20200000  __stop___llvm_prf_bits               
20200000  __stop___llvm_prf_cnts               
00000621  _c_int00_noargs                      
UNDEFED   _system_post_cinit                   
000006a1  _system_pre_init                     
000006a5  abort                                
ffffffff  binit                                
20200000  botton_PushTime                      
2020001c  botton_PushTimeFlag                  
20200010  botton_State                         
00000000  interruptVectors                     
000005f9  main                                 
00000285  memcpy                               
20200020  uwTick                               


GLOBAL SYMBOLS: SORTED BY Symbol Address 

address   name                                 
-------   ----                                 
00000000  __TI_ATRegion0_region_sz             
00000000  __TI_ATRegion0_src_addr              
00000000  __TI_ATRegion0_trg_addr              
00000000  __TI_ATRegion1_region_sz             
00000000  __TI_ATRegion1_src_addr              
00000000  __TI_ATRegion1_trg_addr              
00000000  __TI_ATRegion2_region_sz             
00000000  __TI_ATRegion2_src_addr              
00000000  __TI_ATRegion2_trg_addr              
00000000  __TI_static_base__                   
00000000  interruptVectors                     
000000c1  DL_Timer_initTimerMode               
000001a9  DL_SYSCTL_configSYSPLL               
00000200  __STACK_SIZE                         
00000285  memcpy                               
0000031f  ADC0_IRQHandler                      
0000031f  ADC1_IRQHandler                      
0000031f  AES_IRQHandler                       
0000031f  CANFD0_IRQHandler                    
0000031f  DAC0_IRQHandler                      
0000031f  DMA_IRQHandler                       
0000031f  Default_Handler                      
0000031f  GROUP0_IRQHandler                    
0000031f  GROUP1_IRQHandler                    
0000031f  HardFault_Handler                    
0000031f  I2C0_IRQHandler                      
0000031f  I2C1_IRQHandler                      
0000031f  NMI_Handler                          
0000031f  PendSV_Handler                       
0000031f  RTC_IRQHandler                       
0000031f  SPI0_IRQHandler                      
0000031f  SPI1_IRQHandler                      
0000031f  SVC_Handler                          
0000031f  SysTick_Handler                      
0000031f  TIMA0_IRQHandler                     
0000031f  TIMA1_IRQHandler                     
0000031f  TIMG12_IRQHandler                    
0000031f  TIMG6_IRQHandler                     
0000031f  TIMG7_IRQHandler                     
0000031f  TIMG8_IRQHandler                     
0000031f  UART0_IRQHandler                     
0000031f  UART1_IRQHandler                     
0000031f  UART2_IRQHandler                     
0000031f  UART3_IRQHandler                     
00000321  Botton_Process                       
000003b1  __TI_decompress_lzss                 
00000429  TIMG0_IRQHandler                     
00000489  SYSCFG_DL_SYSCTL_init                
000004e5  DL_SYSCTL_switchMCLKfromSYSOSCtoHSCLK
00000529  __TI_auto_init_nobinit_nopinit       
00000565  SYSCFG_DL_TIMER_0_init               
0000059d  SYSCFG_DL_initPower                  
000005d1  SYSCFG_DL_GPIO_init                  
000005f9  main                                 
00000621  _c_int00_noargs                      
00000649  DL_Timer_setClockConfig              
00000665  SYSCFG_DL_init                       
00000679  __TI_decompress_none                 
0000068b  DL_Common_delayCycles                
00000695  __aeabi_memcpy                       
00000695  __aeabi_memcpy4                      
00000695  __aeabi_memcpy8                      
0000069d  Reset_Handler                        
000006a1  _system_pre_init                     
000006a4  C$$EXIT                              
000006a5  abort                                
000006f0  __TI_Handler_Table_Base              
000006f8  __TI_CINIT_Base                      
000006f8  __TI_Handler_Table_Limit             
00000700  __TI_CINIT_Limit                     
00000700  __TI_CINIT_Warm                      
20200000  __start___llvm_prf_bits              
20200000  __start___llvm_prf_cnts              
20200000  __stop___llvm_prf_bits               
20200000  __stop___llvm_prf_cnts               
20200000  botton_PushTime                      
20200010  botton_State                         
2020001c  botton_PushTimeFlag                  
20200020  uwTick                               
20207e00  __stack                              
20208000  __STACK_END                          
ffffffff  __TI_pprof_out_hndl                  
ffffffff  __TI_prof_data_size                  
ffffffff  __TI_prof_data_start                 
ffffffff  __binit__                            
ffffffff  binit                                
UNDEFED   __mpu_init                           
UNDEFED   _system_post_cinit                   

[88 symbols]
