******************************************************************************
            TI ARM Clang Linker PC v3.2.2                      
******************************************************************************
>> Linked Fri May 23 11:51:34 2025

OUTPUT FILE NAME:   <Botton.out>
ENTRY POINT SYMBOL: "_c_int00_noargs"  address: 0000079d


MEMORY CONFIGURATION

         name            origin    length      used     unused   attr    fill
----------------------  --------  ---------  --------  --------  ----  --------
  FLASH                 00000000   00020000  000008c8  0001f738  R  X
  SRAM                  20200000   00008000  00000225  00007ddb  RW X
  BCR_CONFIG            41c00000   000000ff  00000000  000000ff  R   
  BSL_CONFIG            41c00100   00000080  00000000  00000080  R   


SEGMENT ALLOCATION MAP

run origin  load origin   length   init length attrs members
----------  ----------- ---------- ----------- ----- -------
00000000    00000000    000008c8   000008c8    r-x
  00000000    00000000    000000c0   000000c0    r-- .intvecs
  000000c0    000000c0    000007a0   000007a0    r-x .text
  00000860    00000860    00000050   00000050    r-- .rodata
  000008b0    000008b0    00000018   00000018    r-- .cinit
20200000    20200000    00000025   00000000    rw-
  20200000    20200000    00000025   00000000    rw- .data
20207e00    20207e00    00000200   00000000    rw-
  20207e00    20207e00    00000200   00000000    rw- .stack


SECTION ALLOCATION MAP

 output                                  attributes/
section   page    origin      length       input sections
--------  ----  ----------  ----------   ----------------
.intvecs   0    00000000    000000c0     
                  00000000    000000c0     startup_mspm0g350x_ticlang.o (.intvecs)

.text      0    000000c0    000007a0     
                  000000c0    000000e8     driverlib.a : dl_timer.o (.text.DL_Timer_initTimerMode)
                  000001a8    000000dc                 : dl_sysctl_mspm0g1x0x_g3x0x.o (.text.DL_SYSCTL_configSYSPLL)
                  00000284    0000009a     libc.a : memcpy16.S.obj (.text:memcpy)
                  0000031e    00000002     startup_mspm0g350x_ticlang.o (.text.Default_Handler)
                  00000320    00000090     key.o (.text.Botton_Process)
                  000003b0    00000078     libc.a : copy_decompress_lzss.c.obj (.text:decompress:lzss)
                  00000428    00000070     ti_msp_dl_config.o (.text.SYSCFG_DL_UART_0_init)
                  00000498    0000006c     empty.o (.text.main)
                  00000504    00000064     ti_msp_dl_config.o (.text.SYSCFG_DL_SYSCTL_init)
                  00000568    00000060     empty.o (.text.TIMG0_IRQHandler)
                  000005c8    0000005c     ti_msp_dl_config.o (.text.SYSCFG_DL_GPIO_init)
                  00000624    00000048     driverlib.a : dl_uart.o (.text.DL_UART_init)
                  0000066c    00000044                 : dl_sysctl_mspm0g1x0x_g3x0x.o (.text.DL_SYSCTL_switchMCLKfromSYSOSCtoHSCLK)
                  000006b0    00000040     ti_msp_dl_config.o (.text.SYSCFG_DL_initPower)
                  000006f0    0000003c     libc.a : autoinit.c.obj (.text:__TI_auto_init_nobinit_nopinit)
                  0000072c    00000038     ti_msp_dl_config.o (.text.SYSCFG_DL_TIMER_0_init)
                  00000764    00000038     UART.o (.text.UART0_IRQHandler)
                  0000079c    00000028     libc.a : boot_cortex_m.c.obj (.text:_c_int00_noargs)
                  000007c4    00000020     driverlib.a : dl_uart.o (.text.DL_UART_transmitDataBlocking)
                  000007e4    0000001c                 : dl_timer.o (.text.DL_Timer_setClockConfig)
                  00000800    00000018     ti_msp_dl_config.o (.text.SYSCFG_DL_init)
                  00000818    00000012     driverlib.a : dl_uart.o (.text.DL_UART_setClockConfig)
                  0000082a    00000012     libc.a : copy_decompress_none.c.obj (.text:decompress:none)
                  0000083c    0000000a     driverlib.a : dl_common.o (.text.DL_Common_delayCycles)
                  00000846    00000002     --HOLE-- [fill = 0]
                  00000848    00000008     libclang_rt.builtins.a : aeabi_memcpy.S.obj (.text.__aeabi_memcpy)
                  00000850    00000004     startup_mspm0g350x_ticlang.o (.text.Reset_Handler)
                  00000854    00000004     libc.a : pre_init.c.obj (.text._system_pre_init)
                  00000858    00000004            : exit.c.obj (.text:abort)
                  0000085c    00000004     --HOLE-- [fill = 0]

.cinit     0    000008b0    00000018     
                  000008b0    00000008     (.cinit..data.load) [load image, compression = lzss]
                  000008b8    00000008     (__TI_handler_table)
                  000008c0    00000008     (__TI_cinit_table)

.rodata    0    00000860    00000050     
                  00000860    00000028     ti_msp_dl_config.o (.rodata.gSYSPLLConfig)
                  00000888    00000014     ti_msp_dl_config.o (.rodata.gTIMER_0TimerConfig)
                  0000089c    0000000a     ti_msp_dl_config.o (.rodata.gUART_0Config)
                  000008a6    00000003     ti_msp_dl_config.o (.rodata.gTIMER_0ClockConfig)
                  000008a9    00000002     ti_msp_dl_config.o (.rodata.gUART_0ClockConfig)
                  000008ab    00000005     --HOLE-- [fill = 0]

.init_array 
*          0    00000000    00000000     UNINITIALIZED

.binit     0    00000000    00000000     

.data      0    20200000    00000025     UNINITIALIZED
                  20200000    00000010     key.o (.data.botton_PushTime)
                  20200010    00000008     key.o (.data.botton_State)
                  20200018    00000004     key.o (.data.Last_Process_Tick)
                  2020001c    00000004     key.o (.data.botton_PushTimeFlag)
                  20200020    00000004     empty.o (.data.uwTick)
                  20200024    00000001     UART.o (.data.uart_data)

.stack     0    20207e00    00000200     UNINITIALIZED
                  20207e00    00000004     libc.a : boot_cortex_m.c.obj (.stack)
                  20207e04    000001fc     --HOLE--

__llvm_prf_cnts 
*          0    20200000    00000000     UNINITIALIZED

__llvm_prf_bits 
*          0    20200000    00000000     UNINITIALIZED

MODULE SUMMARY

       Module                         code   ro data   rw data
       ------                         ----   -------   -------
    .\
       ti_msp_dl_config.o             448    75        0      
       empty.o                        204    0         4      
       startup_mspm0g350x_ticlang.o   6      192       0      
    +--+------------------------------+------+---------+---------+
       Total:                         658    267       4      
                                                              
    .\USER\
       key.o                          144    0         32     
       UART.o                         56     0         1      
    +--+------------------------------+------+---------+---------+
       Total:                         200    0         33     
                                                              
    C:/ti/mspm0_sdk_2_04_00_06/source/ti/driverlib/lib/ticlang/m0p/mspm0g1x0x_g3x0x/driverlib.a
       dl_sysctl_mspm0g1x0x_g3x0x.o   288    0         0      
       dl_timer.o                     260    0         0      
       dl_uart.o                      122    0         0      
       dl_common.o                    10     0         0      
    +--+------------------------------+------+---------+---------+
       Total:                         680    0         0      
                                                              
    E:\ti\ccstheia141\ccs\tools\compiler\ti-cgt-armllvm_3.2.2.LTS\lib\armv6m-ti-none-eabi/c/libc.a
       memcpy16.S.obj                 154    0         0      
       copy_decompress_lzss.c.obj     120    0         0      
       autoinit.c.obj                 60     0         0      
       boot_cortex_m.c.obj            40     0         0      
       copy_decompress_none.c.obj     18     0         0      
       exit.c.obj                     4      0         0      
       pre_init.c.obj                 4      0         0      
    +--+------------------------------+------+---------+---------+
       Total:                         400    0         0      
                                                              
    E:\ti\ccstheia141\ccs\tools\compiler\ti-cgt-armllvm_3.2.2.LTS\lib\clang/15.0.7/lib/armv6m-ti-none-eabi/libclang_rt.builtins.a
       aeabi_memcpy.S.obj             8      0         0      
    +--+------------------------------+------+---------+---------+
       Total:                         8      0         0      
                                                              
       Stack:                         0      0         512    
       Linker Generated:              0      24        0      
    +--+------------------------------+------+---------+---------+
       Grand Total:                   1946   291       549    


LINKER GENERATED COPY TABLES

__TI_cinit_table @ 000008c0 records: 1, size/record: 8, table size: 8
	.data: load addr=000008b0, load size=00000008 bytes, run addr=20200000, run size=00000025 bytes, compression=lzss


LINKER GENERATED HANDLER TABLE

__TI_handler_table @ 000008b8 records: 2, size/record: 4, table size: 8
	index: 0, handler: __TI_decompress_lzss
	index: 1, handler: __TI_decompress_none


GLOBAL SYMBOLS: SORTED ALPHABETICALLY BY Name 

address   name                                 
-------   ----                                 
0000031f  ADC0_IRQHandler                      
0000031f  ADC1_IRQHandler                      
0000031f  AES_IRQHandler                       
00000321  Botton_Process                       
00000858  C$$EXIT                              
0000031f  CANFD0_IRQHandler                    
0000031f  DAC0_IRQHandler                      
0000083d  DL_Common_delayCycles                
000001a9  DL_SYSCTL_configSYSPLL               
0000066d  DL_SYSCTL_switchMCLKfromSYSOSCtoHSCLK
000000c1  DL_Timer_initTimerMode               
000007e5  DL_Timer_setClockConfig              
00000625  DL_UART_init                         
00000819  DL_UART_setClockConfig               
000007c5  DL_UART_transmitDataBlocking         
0000031f  DMA_IRQHandler                       
0000031f  Default_Handler                      
0000031f  GROUP0_IRQHandler                    
0000031f  GROUP1_IRQHandler                    
0000031f  HardFault_Handler                    
0000031f  I2C0_IRQHandler                      
0000031f  I2C1_IRQHandler                      
0000031f  NMI_Handler                          
0000031f  PendSV_Handler                       
0000031f  RTC_IRQHandler                       
00000851  Reset_Handler                        
0000031f  SPI0_IRQHandler                      
0000031f  SPI1_IRQHandler                      
0000031f  SVC_Handler                          
000005c9  SYSCFG_DL_GPIO_init                  
00000505  SYSCFG_DL_SYSCTL_init                
0000072d  SYSCFG_DL_TIMER_0_init               
00000429  SYSCFG_DL_UART_0_init                
00000801  SYSCFG_DL_init                       
000006b1  SYSCFG_DL_initPower                  
0000031f  SysTick_Handler                      
0000031f  TIMA0_IRQHandler                     
0000031f  TIMA1_IRQHandler                     
00000569  TIMG0_IRQHandler                     
0000031f  TIMG12_IRQHandler                    
0000031f  TIMG6_IRQHandler                     
0000031f  TIMG7_IRQHandler                     
0000031f  TIMG8_IRQHandler                     
00000765  UART0_IRQHandler                     
0000031f  UART1_IRQHandler                     
0000031f  UART2_IRQHandler                     
0000031f  UART3_IRQHandler                     
20208000  __STACK_END                          
00000200  __STACK_SIZE                         
00000000  __TI_ATRegion0_region_sz             
00000000  __TI_ATRegion0_src_addr              
00000000  __TI_ATRegion0_trg_addr              
00000000  __TI_ATRegion1_region_sz             
00000000  __TI_ATRegion1_src_addr              
00000000  __TI_ATRegion1_trg_addr              
00000000  __TI_ATRegion2_region_sz             
00000000  __TI_ATRegion2_src_addr              
00000000  __TI_ATRegion2_trg_addr              
000008c0  __TI_CINIT_Base                      
000008c8  __TI_CINIT_Limit                     
000008c8  __TI_CINIT_Warm                      
000008b8  __TI_Handler_Table_Base              
000008c0  __TI_Handler_Table_Limit             
000006f1  __TI_auto_init_nobinit_nopinit       
000003b1  __TI_decompress_lzss                 
0000082b  __TI_decompress_none                 
ffffffff  __TI_pprof_out_hndl                  
ffffffff  __TI_prof_data_size                  
ffffffff  __TI_prof_data_start                 
00000000  __TI_static_base__                   
00000849  __aeabi_memcpy                       
00000849  __aeabi_memcpy4                      
00000849  __aeabi_memcpy8                      
ffffffff  __binit__                            
UNDEFED   __mpu_init                           
20207e00  __stack                              
20200000  __start___llvm_prf_bits              
20200000  __start___llvm_prf_cnts              
20200000  __stop___llvm_prf_bits               
20200000  __stop___llvm_prf_cnts               
0000079d  _c_int00_noargs                      
UNDEFED   _system_post_cinit                   
00000855  _system_pre_init                     
00000859  abort                                
ffffffff  binit                                
20200000  botton_PushTime                      
2020001c  botton_PushTimeFlag                  
20200010  botton_State                         
00000000  interruptVectors                     
00000499  main                                 
00000285  memcpy                               
20200024  uart_data                            
20200020  uwTick                               


GLOBAL SYMBOLS: SORTED BY Symbol Address 

address   name                                 
-------   ----                                 
00000000  __TI_ATRegion0_region_sz             
00000000  __TI_ATRegion0_src_addr              
00000000  __TI_ATRegion0_trg_addr              
00000000  __TI_ATRegion1_region_sz             
00000000  __TI_ATRegion1_src_addr              
00000000  __TI_ATRegion1_trg_addr              
00000000  __TI_ATRegion2_region_sz             
00000000  __TI_ATRegion2_src_addr              
00000000  __TI_ATRegion2_trg_addr              
00000000  __TI_static_base__                   
00000000  interruptVectors                     
000000c1  DL_Timer_initTimerMode               
000001a9  DL_SYSCTL_configSYSPLL               
00000200  __STACK_SIZE                         
00000285  memcpy                               
0000031f  ADC0_IRQHandler                      
0000031f  ADC1_IRQHandler                      
0000031f  AES_IRQHandler                       
0000031f  CANFD0_IRQHandler                    
0000031f  DAC0_IRQHandler                      
0000031f  DMA_IRQHandler                       
0000031f  Default_Handler                      
0000031f  GROUP0_IRQHandler                    
0000031f  GROUP1_IRQHandler                    
0000031f  HardFault_Handler                    
0000031f  I2C0_IRQHandler                      
0000031f  I2C1_IRQHandler                      
0000031f  NMI_Handler                          
0000031f  PendSV_Handler                       
0000031f  RTC_IRQHandler                       
0000031f  SPI0_IRQHandler                      
0000031f  SPI1_IRQHandler                      
0000031f  SVC_Handler                          
0000031f  SysTick_Handler                      
0000031f  TIMA0_IRQHandler                     
0000031f  TIMA1_IRQHandler                     
0000031f  TIMG12_IRQHandler                    
0000031f  TIMG6_IRQHandler                     
0000031f  TIMG7_IRQHandler                     
0000031f  TIMG8_IRQHandler                     
0000031f  UART1_IRQHandler                     
0000031f  UART2_IRQHandler                     
0000031f  UART3_IRQHandler                     
00000321  Botton_Process                       
000003b1  __TI_decompress_lzss                 
00000429  SYSCFG_DL_UART_0_init                
00000499  main                                 
00000505  SYSCFG_DL_SYSCTL_init                
00000569  TIMG0_IRQHandler                     
000005c9  SYSCFG_DL_GPIO_init                  
00000625  DL_UART_init                         
0000066d  DL_SYSCTL_switchMCLKfromSYSOSCtoHSCLK
000006b1  SYSCFG_DL_initPower                  
000006f1  __TI_auto_init_nobinit_nopinit       
0000072d  SYSCFG_DL_TIMER_0_init               
00000765  UART0_IRQHandler                     
0000079d  _c_int00_noargs                      
000007c5  DL_UART_transmitDataBlocking         
000007e5  DL_Timer_setClockConfig              
00000801  SYSCFG_DL_init                       
00000819  DL_UART_setClockConfig               
0000082b  __TI_decompress_none                 
0000083d  DL_Common_delayCycles                
00000849  __aeabi_memcpy                       
00000849  __aeabi_memcpy4                      
00000849  __aeabi_memcpy8                      
00000851  Reset_Handler                        
00000855  _system_pre_init                     
00000858  C$$EXIT                              
00000859  abort                                
000008b8  __TI_Handler_Table_Base              
000008c0  __TI_CINIT_Base                      
000008c0  __TI_Handler_Table_Limit             
000008c8  __TI_CINIT_Limit                     
000008c8  __TI_CINIT_Warm                      
20200000  __start___llvm_prf_bits              
20200000  __start___llvm_prf_cnts              
20200000  __stop___llvm_prf_bits               
20200000  __stop___llvm_prf_cnts               
20200000  botton_PushTime                      
20200010  botton_State                         
2020001c  botton_PushTimeFlag                  
20200020  uwTick                               
20200024  uart_data                            
20207e00  __stack                              
20208000  __STACK_END                          
ffffffff  __TI_pprof_out_hndl                  
ffffffff  __TI_prof_data_size                  
ffffffff  __TI_prof_data_start                 
ffffffff  __binit__                            
ffffffff  binit                                
UNDEFED   __mpu_init                           
UNDEFED   _system_post_cinit                   

[93 symbols]
